exports[`AvailabilityItem does not render when there is no availability 1`] = `null`;

exports[`AvailabilityItem renders a formatted date and a list of AvailabilityTimes components 1`] = `
<tr>
  <td>
    Wednesday, January 4th 2017
  </td>
  <td>
    <Component
      times={
        Array [
          "12:00:00",
          "20:00:00",
        ]
      } />
  </td>
</tr>
`;
