exports[`AvailabilityList renders a list of AvailabilityItem 1`] = `
<table>
  <thead>
    <tr>
      <th>
        Date
      </th>
      <th>
        Times
      </th>
    </tr>
  </thead>
  <tbody>
    <AvailabilityItem
      availability={
        Object {
          "date": "2017-01-03T13:09:55.189",
          "times": Array [],
        }
      } />
    <AvailabilityItem
      availability={
        Object {
          "date": "2017-01-04T13:09:55.189",
          "times": Array [
            "12:00:00",
            "20:00:00",
          ],
        }
      } />
  </tbody>
</table>
`;
